// Jest Snapshot v1, https://goo.gl/fbAQLP

exports[`renders correctly 1`] = `
<View
  style={
    Object {
      "alignSelf": "center",
      "flex": 1,
      "marginTop": 20,
      "width": 280,
    }
  }
>
  <Text
    style={
      Object {
        "color": "#317cf5",
        "fontSize": 20,
      }
    }
  >
    Injected insulin amount
  </Text>
  <TextInput
    allowFontScaling={true}
    editable={true}
    onChangeText={[Function]}
    rejectResponderTermination={true}
    secureTextEntry={false}
    style={
      Array [
        Object {
          "backgroundColor": "#FFF",
          "borderColor": "#317cf5",
          "borderRadius": 6,
          "borderWidth": 1,
          "height": 36,
          "marginVertical": 12,
          "padding": 10,
        },
        undefined,
      ]
    }
    underlineColorAndroid="transparent"
    value=""
  />
  <Text
    style={
      Object {
        "color": "#317cf5",
        "fontSize": 20,
      }
    }
  >
    Sugar Level
  </Text>
  <TextInput
    allowFontScaling={true}
    editable={true}
    onChangeText={[Function]}
    rejectResponderTermination={true}
    secureTextEntry={false}
    style={
      Array [
        Object {
          "backgroundColor": "#FFF",
          "borderColor": "#317cf5",
          "borderRadius": 6,
          "borderWidth": 1,
          "height": 36,
          "marginVertical": 12,
          "padding": 10,
        },
        undefined,
      ]
    }
    underlineColorAndroid="transparent"
    value=""
  />
  <View
    accessible={true}
    collapsable={false}
    focusable={true}
    onBlur={[Function]}
    onClick={[Function]}
    onFocus={[Function]}
    onResponderGrant={[Function]}
    onResponderMove={[Function]}
    onResponderRelease={[Function]}
    onResponderTerminate={[Function]}
    onResponderTerminationRequest={[Function]}
    onStartShouldSetResponder={[Function]}
    style={
      Array [
        Object {
          "alignSelf": "center",
          "backgroundColor": "#198754",
          "marginTop": 30,
          "width": "100%",
        },
        Object {
          "alignContent": "center",
          "alignItems": "center",
          "alignSelf": "flex-start",
          "borderRadius": 6,
          "justifyContent": "space-around",
          "minHeight": 26,
          "paddingHorizontal": 10,
          "paddingVertical": 5,
          "textAlignVertical": "center",
        },
      ]
    }
  >
    <Text
      style={
        Array [
          Object {
            "color": "#FFF",
            "fontSize": 20,
          },
        ]
      }
    >
      Add entry!
    </Text>
  </View>
</View>
`;
